[backblue.gif]
[fade.gif]
[index.html]
[a1cocopeats.com/img/logo/logo.png]
[a1cocopeats.com/img/logo/logo@2x.png]
[a1cocopeats.com/img/logo/logo-white.png]
[a1cocopeats.com/img/bg/bg15.jpg]
[a1cocopeats.com/img/about/2.jpg]
[a1cocopeats.com/img/shape/why-shape.png]
[a1cocopeats.com/img/choose/2.png]
[a1cocopeats.com/img/icon/4.png]
[a1cocopeats.com/img/shape/1.png]
[a1cocopeats.com/img/product/1.png]
[a1cocopeats.com/img/product/2.png]
[a1cocopeats.com/img/product/3.png]
[a1cocopeats.com/img/product/4.png]
[a1cocopeats.com/img/choose/3.png]
[a1cocopeats.com/img/gallery/gallery1.jpg]
[a1cocopeats.com/img/gallery/gallery2.jpg]
[a1cocopeats.com/img/gallery/gallery3.jpg]
[a1cocopeats.com/img/gallery/gallery4.jpg]
[a1cocopeats.com/img/gallery/gallery5.jpg]
[a1cocopeats.com/img/gallery/gallery6.jpg]
[a1cocopeats.com/img/gallery/gallery7.jpg]
[a1cocopeats.com/img/gallery/gallery8.jpg]
[a1cocopeats.com/img/gallery/gallery9.jpg]
[a1cocopeats.com/img/gallery/gallery10.jpg]
[a1cocopeats.com/img/gallery/gallery11.jpg]
[a1cocopeats.com/img/gallery/gallery12.jpg]
[a1cocopeats.com/img/bg/bg6.jpg]
[a1cocopeats.com/img/logo/white.png]
[a1cocopeats.com/img/shape/f.png]
[a1cocopeats.com/js/modernizr-3.5.0.min.js]
[a1cocopeats.com/js/jquery-1.12.4.min.js]
[a1cocopeats.com/js/waypoints.min.js]
[a1cocopeats.com/js/jquery.counterup.min.js]
[a1cocopeats.com/js/jquery.countdown.min.js]
[a1cocopeats.com/js/bootstrap.min.js]
[a1cocopeats.com/js/owl.carousel.min.js]
[a1cocopeats.com/js/isotope.pkgd.min.js]
[a1cocopeats.com/js/jquery.meanmenu.min.js]
[a1cocopeats.com/js/slick.min.js]
[a1cocopeats.com/js/ajax-form.js]
[a1cocopeats.com/js/wow.min.js]
[a1cocopeats.com/js/jquery.scrollUp.min.js]
[a1cocopeats.com/js/imagesloaded.pkgd.min.js]
[a1cocopeats.com/js/jquery.magnific-popup.min.js]
[a1cocopeats.com/js/plugins.js]
[a1cocopeats.com/js/main.js]
[a1cocopeats.com/product.html]
[a1cocopeats.com/css/bootstrap.min.css]
[a1cocopeats.com/css/owl.carousel.min.css]
[a1cocopeats.com/css/animate.min.css]
[a1cocopeats.com/css/magnific-popup.css]
[a1cocopeats.com/css/meanmenu.css]
[a1cocopeats.com/fonts/fa-brands-400.eot]
[a1cocopeats.com/fonts/fa-brands-400d41d.eot]
[a1cocopeats.com/fonts/fa-brands-400.woff2]
[a1cocopeats.com/fonts/fa-brands-400.woff]
[a1cocopeats.com/fonts/fa-brands-400.ttf]
[a1cocopeats.com/fonts/fa-regular-400.eot]
[a1cocopeats.com/fonts/fa-regular-400d41d.eot]
[a1cocopeats.com/fonts/fa-regular-400.woff2]
[a1cocopeats.com/fonts/fa-regular-400.woff]
[a1cocopeats.com/fonts/fa-regular-400.ttf]
[a1cocopeats.com/fonts/fa-solid-900.eot]
[a1cocopeats.com/fonts/fa-solid-900d41d.eot]
[a1cocopeats.com/fonts/fa-solid-900.woff2]
[a1cocopeats.com/fonts/fa-solid-900.woff]
[a1cocopeats.com/fonts/fa-solid-900.ttf]
[a1cocopeats.com/css/fontawesome-all.min.css]
[a1cocopeats.com/fonts/Flaticon.eot]
[a1cocopeats.com/fonts/Flaticond41d.eot]
[a1cocopeats.com/fonts/Flaticon.woff2]
[a1cocopeats.com/fonts/Flaticon.woff]
[a1cocopeats.com/fonts/Flaticon.ttf]
[a1cocopeats.com/css/flaticon.css]
[a1cocopeats.com/css/slick.css]
[a1cocopeats.com/fonts/dripicons-v2.eot]
[a1cocopeats.com/fonts/dripicons-v2d41d.eot]
[a1cocopeats.com/fonts/dripicons-v2.woff]
[a1cocopeats.com/fonts/dripicons-v2.ttf]
[a1cocopeats.com/css/dripicons.css]
[a1cocopeats.com/css/themify-icons.css]
[a1cocopeats.com/css/default.css]
[a1cocopeats.com/img/icon/menu-border.png]
[a1cocopeats.com/img/about/shape.png]
[a1cocopeats.com/img/features/11.png]
[a1cocopeats.com/css/style.css]
[a1cocopeats.com/css/responsive.css]
[a1cocopeats.com/img/slider/slider1.jpg]
[a1cocopeats.com/img/about/1.png]
[a1cocopeats.com/img/bg/bg1.jpg]
[a1cocopeats.com/img/features/1.png]
[a1cocopeats.com/img/features/2.png]
[a1cocopeats.com/img/features/3.png]
[a1cocopeats.com/img/bg/bg2.jpg]
[a1cocopeats.com/img/shape/3.png]
[a1cocopeats.com/img/choose/01.jpg]
[a1cocopeats.com/img/icon/1.png]
[a1cocopeats.com/img/icon/2.png]
[a1cocopeats.com/img/icon/3.png]
[a1cocopeats.com/index.html]
[a1cocopeats.com/about.html]
[a1cocopeats.com/img/shape/c.png]
[a1cocopeats.com/contact.html]
[a1cocopeats.com/img/bg/about.html]
[a1cocopeats.com/css/owl.video.play.html]
[a1cocopeats.com/fonts/fa-brands-400.svg]
[a1cocopeats.com/fonts/fa-regular-400.svg]
[a1cocopeats.com/fonts/fa-solid-900.svg]
[a1cocopeats.com/fonts/Flaticon.svg]
[a1cocopeats.com/fonts/dripicons-v2.svg]
[a1cocopeats.com/fonts/themify9f24.html]
[a1cocopeats.com/fonts/themifyd41d.html]
[a1cocopeats.com/fonts/themify9f24-2.html]
[a1cocopeats.com/fonts/themify9f24-3.html]
[a1cocopeats.com/fonts/themify9f24-4.html]
[a1cocopeats.com/img/shape/2.html]
[a1cocopeats.com/img/gallery/1.html]
[a1cocopeats.com/img/testimonial/icon.html]
[a1cocopeats.com/img/testimonial/icon1.html]
[a1cocopeats.com/img/pricing/1.html]
[a1cocopeats.com/img/service/service-details/icon1.html]
